// Jest Snapshot v1, https://goo.gl/fbAQLP

exports[`<Track /> should renders without any errors 1`] = `
<div
  className="track"
>
  <div
    className="trackControls"
  >
    <button
      className="button"
      onClick={[Function]}
    >
      M
    </button>
    <button
      className="button"
      onClick={[Function]}
    >
      S
    </button>
    <button
      className="button"
      onClick={[Function]}
    >
      Bypass FX
    </button>
  </div>
  <Fader
    isVertical={true}
    onChange={[MockFunction]}
    value={42}
  />
  <div
    className="sends"
  >
    <div
      className="send"
      key="delay"
    >
      <span
        className="sendTitle"
      >
        delay
      </span>
      <Fader
        value={0}
      />
    </div>
    <div
      className="send"
      key="reverb"
    >
      <span
        className="sendTitle"
      >
        reverb
      </span>
      <Fader
        value={0}
      />
    </div>
  </div>
  <div
    className="title"
  >
    Track
  </div>
</div>
`;
